core_cm4.h:1676:26:__NVIC_GetPriorityGrouping	4	static
core_cm4.h:1688:22:__NVIC_EnableIRQ	16	static
core_cm4.h:1816:22:__NVIC_SetPriority	16	static
core_cm4.h:1863:26:NVIC_EncodePriority	40	static
stm32l4xx_ll_i2c.h:391:22:LL_I2C_Enable	16	static
stm32l4xx_ll_i2c.h:405:22:LL_I2C_Disable	16	static
stm32l4xx_ll_i2c.h:604:22:LL_I2C_EnableClockStretching	16	static
stm32l4xx_ll_i2c.h:724:22:LL_I2C_DisableGeneralCall	16	static
stm32l4xx_ll_i2c.h:835:22:LL_I2C_SetOwnAddress2	24	static
stm32l4xx_ll_i2c.h:857:22:LL_I2C_DisableOwnAddress2	16	static
stm32l4xx_ll_i2c.h:1524:26:LL_I2C_IsActiveFlag_TXIS	16	static
stm32l4xx_ll_i2c.h:1537:26:LL_I2C_IsActiveFlag_RXNE	16	static
stm32l4xx_ll_i2c.h:1576:26:LL_I2C_IsActiveFlag_STOP	16	static
stm32l4xx_ll_i2c.h:1733:22:LL_I2C_ClearFlag_STOP	16	static
stm32l4xx_ll_i2c.h:1838:22:LL_I2C_EnableAutoEndMode	16	static
stm32l4xx_ll_i2c.h:2090:22:LL_I2C_HandleTransfer	24	static
stm32l4xx_ll_i2c.h:2172:25:LL_I2C_ReceiveData8	16	static
stm32l4xx_ll_i2c.h:2184:22:LL_I2C_TransmitData8	16	static
stm32l4xx_ll_rcc.h:2125:22:LL_RCC_HSI_Enable	4	static
stm32l4xx_ll_rcc.h:2145:26:LL_RCC_HSI_IsReady	4	static
stm32l4xx_ll_rcc.h:2190:22:LL_RCC_HSI_SetCalibTrimming	16	static
stm32l4xx_ll_rcc.h:2740:22:LL_RCC_SetSysClkSource	16	static
stm32l4xx_ll_rcc.h:2754:26:LL_RCC_GetSysClkSource	4	static
stm32l4xx_ll_rcc.h:2774:22:LL_RCC_SetAHBPrescaler	16	static
stm32l4xx_ll_rcc.h:2790:22:LL_RCC_SetAPB1Prescaler	16	static
stm32l4xx_ll_rcc.h:2806:22:LL_RCC_SetAPB2Prescaler	16	static
stm32l4xx_ll_rcc.h:2950:22:LL_RCC_SetUSARTClockSource	16	static
stm32l4xx_ll_rcc.h:3011:22:LL_RCC_SetI2CClockSource	24	static
stm32l4xx_ll_rcc.h:3731:22:LL_RCC_PLL_Enable	4	static
stm32l4xx_ll_rcc.h:3752:26:LL_RCC_PLL_IsReady	4	static
stm32l4xx_ll_rcc.h:3798:22:LL_RCC_PLL_ConfigDomain_SYS	24	static
stm32l4xx_ll_rcc.h:4176:22:LL_RCC_PLL_EnableDomain_SYS	4	static
stm32l4xx_ll_bus.h:565:22:LL_AHB2_GRP1_EnableClock	24	static
stm32l4xx_ll_bus.h:1089:22:LL_APB1_GRP1_EnableClock	24	static
stm32l4xx_ll_bus.h:1675:22:LL_APB2_GRP1_EnableClock	24	static
stm32l4xx_ll_system.h:1400:22:LL_FLASH_SetLatency	16	static
stm32l4xx_ll_system.h:1428:26:LL_FLASH_GetLatency	4	static
stm32l4xx_ll_cortex.h:230:26:LL_SYSTICK_IsActiveCounterFlag	4	static
stm32l4xx_ll_pwr.h:344:22:LL_PWR_SetRegulVoltageScaling	16	static
stm32l4xx_ll_spi.h:427:22:LL_SPI_SetStandard	16	static
stm32l4xx_ll_spi.h:863:22:LL_SPI_EnableNSSPulseMgt	16	static
stm32l4xx_ll_gpio.h:986:22:LL_GPIO_ResetOutputPin	16	static
stm32l4xx_ll_gpio.h:1015:22:LL_GPIO_TogglePin	16	static
main.c:91:5:__io_putchar	24	static
main.c:98:5:_write	32	static
main.c:117:5:main	40	static
main.c:175:6:timeout	8	static
main.c:200:6:read_sht	24	static
main.c:230:6:SystemClock_Config	8	static
main.c:282:13:MX_I2C1_Init	64	static
main.c:356:13:MX_SPI1_Init	72	static
main.c:416:13:MX_USART2_UART_Init	8	static
main.c:451:13:MX_GPIO_Init	8	static
main.c:467:6:Error_Handler	4	static
